<!DOCTYPE html>
<html>
  <head>
    
    
  </head>
  <body>
    <h1>Hi</h1>
    <table>
      <tr>
        <td class="headline">Some Headline</td>
      </tr>
    </table>
  </body>
</html>
